// Jest Snapshot v1, https://goo.gl/fbAQLP

exports[`App component renders App 1`] = `
<DocumentFragment>
  <div>
    <h1>
      RESTy
    </h1>
    <section>
      <div
        class="controls-div"
      >
        <form
          class="method-form"
        >
          <div
            class="radio"
          >
            <label>
              <input
                name="method"
                type="radio"
                value="GET"
              />
              GET
            </label>
          </div>
          <div
            class="radio"
          >
            <label>
              <input
                name="method"
                type="radio"
                value="POST"
              />
              POST
            </label>
          </div>
          <div
            class="radio"
          >
            <label>
              <input
                name="method"
                type="radio"
                value="PUT"
              />
              PUT
            </label>
          </div>
          <div
            class="radio"
          >
            <label>
              <input
                name="method"
                type="radio"
                value="DELETE"
              />
              DELETE
            </label>
          </div>
          <div
            class="url-box"
          >
            <label>
              <input
                name="url"
                placeholder="Enter url"
                type="text"
                value=""
              />
            </label>
          </div>
          <div
            class="json-entry-box"
          >
            <label>
              <input
                name="body"
                placeholder="Enter raw JSON"
                type="text"
                value=""
              />
            </label>
          </div>
          <button
            data-testid="button"
          >
            Submit
          </button>
        </form>
      </div>
      <div
        data-testid="display"
      />
      <ul
        data-testid="history-list"
      />
    </section>
  </div>
</DocumentFragment>
`;
